// Jest Snapshot v1, https://goo.gl/fbAQLP

exports[`PortfolioNoPositions renders empty page when the user has no positions 1`] = `
<div>
  <div
    class="tc__portfolio-positions__empty"
  >
    <div
      style="font-style: normal; font-size: 20px; line-height: 28px; color: rgb(34, 34, 34); font-weight: 700; font-family: 'DM Sans', sans-serif; opacity: 1;"
    >
      No Current Positions
    </div>
    <div
      style="font-style: normal; font-size: 20px; line-height: 28px; color: rgb(34, 34, 34); font-weight: 400; font-family: 'DM Sans', sans-serif; opacity: 1;"
    >
      Your portfolio is empty. Letâ€™s change that for you.
    </div>
    <button
      class="tc__btn tc__actionButton tc__actionButton-border-primary-large tc__actionButton-background-primary-large tc__actionButton-hover-primary-large tc__actionButton-shadow-default tc__actionButton-cursor-default tc__actionButton-size-large "
      data-selected="false"
      type="button"
    >
      <div
        class="tc__actionButton-status-label"
      >
        <div
          style="font-style: normal; font-size: 16px; line-height: 24px; color: rgb(255, 255, 255); font-weight: 700; font-family: 'DM Sans', sans-serif; opacity: 1;"
        >
          Browse Markets
        </div>
      </div>
    </button>
  </div>
</div>
`;
