// Jest Snapshot v1, https://goo.gl/fbAQLP

exports[`Portfolio renders portfolio page 1`] = `
<div>
  <div
    class="tc__app__portfolio"
  >
    <div
      class="tc__nav-subheader"
    >
      <div
        class="tc__nav-subheader__background"
      />
      <div
        class="tc__nav-subheader__wrapper"
      >
        <div
          class="tc__nav-subheader__group"
        >
          <div
            class="tc__tabs tc__tabs__tabs-small"
          >
            <button
              class="tc__btn tc__tabs__tab"
              data-selected="true"
              type="button"
            >
              <div
                style="font-style: normal; font-size: 12px; line-height: 16px; color: rgb(255, 255, 255); font-weight: 700; font-family: 'DM Sans', sans-serif; opacity: 1;"
              >
                Overview
              </div>
            </button>
            <button
              class="tc__btn tc__tabs__tab"
              data-selected="false"
              type="button"
            >
              <div
                style="font-style: normal; font-size: 12px; line-height: 16px; color: rgb(34, 34, 34); font-weight: 500; font-family: 'DM Sans', sans-serif; opacity: 1;"
              >
                Positions
              </div>
            </button>
            <div
              class="tc__tabs__indicator-container"
            >
              <div
                class="tc__tabs__indicator"
                style="width: 50%; left: 0%;"
              />
            </div>
          </div>
        </div>
      </div>
    </div>
    <div
      class="tc__app__portfolio-content"
    >
      <div>
        <div
          class="tc__app__portfolio-info-container"
        >
          <div
            class="tc__app__portfolio-box tc__app__portfolio-info-box"
          >
            <div
              style="font-style: normal; font-size: 24px; line-height: 32px; color: rgb(34, 34, 34); font-weight: 700; font-family: 'DM Sans', sans-serif; opacity: 1;"
            >
              Current Value
            </div>
            <div
              style="font-style: normal; font-size: 20px; line-height: 28px; color: rgb(34, 34, 34); font-weight: 400; font-family: 'DM Sans', sans-serif; opacity: 1;"
            >
              of portfolio
            </div>
            <div
              class="tc__app__portfolio-info-box-value"
            >
              <div
                style="font-style: normal; font-size: 32px; line-height: 40px; color: rgb(34, 34, 34); font-weight: 500; font-family: 'Azeret Mono', monospace; opacity: 1;"
              >
                123.45
              </div>
              <div
                class="tc__app__portfolio-info-box-currency"
                style="font-style: normal; font-size: 32px; line-height: 40px; color: rgb(71, 67, 80); font-weight: 500; font-family: 'DM Sans', sans-serif; opacity: 1;"
              >
                USD
              </div>
            </div>
          </div>
          <div
            class="tc__app__portfolio-box tc__app__portfolio-info-box"
          >
            <div
              style="font-style: normal; font-size: 24px; line-height: 32px; color: rgb(34, 34, 34); font-weight: 700; font-family: 'DM Sans', sans-serif; opacity: 1;"
            >
              Yield Earned
            </div>
            <div
              style="font-style: normal; font-size: 20px; line-height: 28px; color: rgb(34, 34, 34); font-weight: 400; font-family: 'DM Sans', sans-serif; opacity: 1;"
            >
              of portfolio
            </div>
            <div
              class="tc__app__portfolio-info-box-value"
            >
              <div
                style="font-style: normal; font-size: 32px; line-height: 40px; color: rgb(34, 34, 34); font-weight: 500; font-family: 'Azeret Mono', monospace; opacity: 1;"
              >
                30.24
              </div>
              <div
                class="tc__app__portfolio-info-box-currency"
                style="font-style: normal; font-size: 32px; line-height: 40px; color: rgb(71, 67, 80); font-weight: 500; font-family: 'DM Sans', sans-serif; opacity: 1;"
              >
                USD
              </div>
            </div>
          </div>
          <div
            class="tc__app__portfolio-box tc__app__portfolio-info-box"
          >
            <div
              style="font-style: normal; font-size: 24px; line-height: 32px; color: rgb(34, 34, 34); font-weight: 700; font-family: 'DM Sans', sans-serif; opacity: 1;"
            >
              Projected Yield
            </div>
            <div
              style="font-style: normal; font-size: 20px; line-height: 28px; color: rgb(34, 34, 34); font-weight: 400; font-family: 'DM Sans', sans-serif; opacity: 1;"
            >
              of portfolio
            </div>
            <div
              class="tc__app__portfolio-info-box-value"
            >
              <div
                style="font-style: normal; font-size: 32px; line-height: 40px; color: rgb(34, 34, 34); font-weight: 500; font-family: 'Azeret Mono', monospace; opacity: 1;"
              >
                42.78
              </div>
              <div
                class="tc__app__portfolio-info-box-currency"
                style="font-style: normal; font-size: 32px; line-height: 40px; color: rgb(71, 67, 80); font-weight: 500; font-family: 'DM Sans', sans-serif; opacity: 1;"
              >
                USD
              </div>
            </div>
          </div>
        </div>
        <div
          class="tc__app__portfolio-box tc__app__portfolio-main-content"
        >
          <div
            class="tc__app__portfolio-header"
          >
            <div
              style="font-style: normal; font-size: 24px; line-height: 32px; color: rgb(34, 34, 34); font-weight: 700; font-family: 'DM Sans', sans-serif; opacity: 1;"
            >
              Total Yield Earned
            </div>
            <div
              class="tc__tabs tc__tabs__tabs-small"
            >
              <button
                class="tc__btn tc__tabs__tab"
                data-selected="true"
                type="button"
              >
                <div
                  style="font-style: normal; font-size: 12px; line-height: 16px; color: rgb(255, 255, 255); font-weight: 700; font-family: 'DM Sans', sans-serif; opacity: 1;"
                >
                  Total Yield
                </div>
              </button>
              <button
                class="tc__btn tc__tabs__tab"
                data-selected="false"
                type="button"
              >
                <div
                  style="font-style: normal; font-size: 12px; line-height: 16px; color: rgb(34, 34, 34); font-weight: 500; font-family: 'DM Sans', sans-serif; opacity: 1;"
                >
                  Total Value
                </div>
              </button>
              <div
                class="tc__tabs__indicator-container"
              >
                <div
                  class="tc__tabs__indicator"
                  style="width: 50%; left: 0%;"
                />
              </div>
            </div>
          </div>
          <div
            class="recharts-responsive-container"
            style="width: 100%; height: 512px;"
          />
        </div>
      </div>
    </div>
  </div>
</div>
`;
