// Jest Snapshot v1, https://goo.gl/fbAQLP

exports[`Button renders a button with a title attribute 1`] = `
<button
  class="tc__btn  tc__btn__large tc__btn__primary"
  title="my title"
>
  My Button
</button>
`;
