// Jest Snapshot v1, https://goo.gl/fbAQLP

exports[`Modal calls onClose when user clicks on backdrop 1`] = `
<div>
  <div
    class="tc__modal-backdrop"
    id="modal-backdrop"
  />
  <div
    class="tc__modal-container "
  >
    <div
      class="tc__modal tc__modal__plain tc__modal__size-small"
    >
      <div
        class="tc__modal-header"
      >
        <div
          style="font-style: normal; font-size: 16px; line-height: 24px; color: rgb(34, 34, 34); font-weight: 700; font-family: 'DM Sans', sans-serif; opacity: 1;"
        />
        <button
          class="tc__btn "
          data-selected="false"
          type="button"
        >
          <svg
            class="tc__icon tc__icon-close"
            fill="none"
            height="16"
            viewBox="0 0 16 16"
            width="16"
            xmlns="http://www.w3.org/2000/svg"
          >
            <path
              d="M15.6081 13.7161C15.859 13.967 16 14.3073 16 14.6621C16 15.017 15.859 15.3572 15.6081 15.6081C15.3572 15.859 15.017 16 14.6621 16C14.3073 16 13.967 15.859 13.7161 15.6081L8 9.87872L2.2839 15.6081C2.033 15.859 1.6927 16 1.33788 16C0.98305 16 0.642756 15.859 0.391855 15.6081C0.140955 15.3572 0 15.017 0 14.6621C0 14.3073 0.140955 13.967 0.391855 13.7161L6.12128 8L0.391855 2.2839C0.140955 2.033 -2.64367e-09 1.6927 0 1.33788C2.64367e-09 0.98305 0.140955 0.642756 0.391855 0.391855C0.642756 0.140955 0.98305 2.64367e-09 1.33788 0C1.6927 -2.64367e-09 2.033 0.140955 2.2839 0.391855L8 6.12128L13.7161 0.391855C13.967 0.140955 14.3073 0 14.6621 0C15.017 0 15.3572 0.140955 15.6081 0.391855C15.859 0.642756 16 0.98305 16 1.33788C16 1.6927 15.859 2.033 15.6081 2.2839L9.87872 8L15.6081 13.7161Z"
              fill="#222222"
            />
          </svg>
        </button>
      </div>
      <div
        class="tc__modal__body"
      >
        This is modal content.
      </div>
    </div>
  </div>
</div>
`;

exports[`Modal calls onClose when user clicks on the close button 1`] = `
<button
  class="tc__btn "
  data-selected="false"
  type="button"
>
  <svg
    class="tc__icon tc__icon-close"
    fill="none"
    height="16"
    viewBox="0 0 16 16"
    width="16"
    xmlns="http://www.w3.org/2000/svg"
  >
    <path
      d="M15.6081 13.7161C15.859 13.967 16 14.3073 16 14.6621C16 15.017 15.859 15.3572 15.6081 15.6081C15.3572 15.859 15.017 16 14.6621 16C14.3073 16 13.967 15.859 13.7161 15.6081L8 9.87872L2.2839 15.6081C2.033 15.859 1.6927 16 1.33788 16C0.98305 16 0.642756 15.859 0.391855 15.6081C0.140955 15.3572 0 15.017 0 14.6621C0 14.3073 0.140955 13.967 0.391855 13.7161L6.12128 8L0.391855 2.2839C0.140955 2.033 -2.64367e-09 1.6927 0 1.33788C2.64367e-09 0.98305 0.140955 0.642756 0.391855 0.391855C0.642756 0.140955 0.98305 2.64367e-09 1.33788 0C1.6927 -2.64367e-09 2.033 0.140955 2.2839 0.391855L8 6.12128L13.7161 0.391855C13.967 0.140955 14.3073 0 14.6621 0C15.017 0 15.3572 0.140955 15.6081 0.391855C15.859 0.642756 16 0.98305 16 1.33788C16 1.6927 15.859 2.033 15.6081 2.2839L9.87872 8L15.6081 13.7161Z"
      fill="#222222"
    />
  </svg>
</button>
`;

exports[`Modal does not render child elements when modal is closed 1`] = `<div />`;

exports[`Modal renders child elements when large modal is open 1`] = `
<div>
  <div
    class="tc__modal-backdrop"
    id="modal-backdrop"
  />
  <div
    class="tc__modal-container "
  >
    <div
      class="tc__modal tc__modal__plain tc__modal__size-large"
    >
      <div
        class="tc__modal-header"
      >
        <button
          class="tc__btn "
          data-selected="false"
          type="button"
        >
          <svg
            class="tc__icon tc__icon-close"
            fill="none"
            height="20"
            viewBox="0 0 16 16"
            width="20"
            xmlns="http://www.w3.org/2000/svg"
          >
            <path
              d="M15.6081 13.7161C15.859 13.967 16 14.3073 16 14.6621C16 15.017 15.859 15.3572 15.6081 15.6081C15.3572 15.859 15.017 16 14.6621 16C14.3073 16 13.967 15.859 13.7161 15.6081L8 9.87872L2.2839 15.6081C2.033 15.859 1.6927 16 1.33788 16C0.98305 16 0.642756 15.859 0.391855 15.6081C0.140955 15.3572 0 15.017 0 14.6621C0 14.3073 0.140955 13.967 0.391855 13.7161L6.12128 8L0.391855 2.2839C0.140955 2.033 -2.64367e-09 1.6927 0 1.33788C2.64367e-09 0.98305 0.140955 0.642756 0.391855 0.391855C0.642756 0.140955 0.98305 2.64367e-09 1.33788 0C1.6927 -2.64367e-09 2.033 0.140955 2.2839 0.391855L8 6.12128L13.7161 0.391855C13.967 0.140955 14.3073 0 14.6621 0C15.017 0 15.3572 0.140955 15.6081 0.391855C15.859 0.642756 16 0.98305 16 1.33788C16 1.6927 15.859 2.033 15.6081 2.2839L9.87872 8L15.6081 13.7161Z"
              fill="#222222"
            />
          </svg>
        </button>
      </div>
      <div
        class="tc__modal__body"
      >
        
        This is modal content.
      </div>
    </div>
  </div>
</div>
`;

exports[`Modal renders child elements when small modal is open 1`] = `
<div>
  <div
    class="tc__modal-backdrop"
    id="modal-backdrop"
  />
  <div
    class="tc__modal-container "
  >
    <div
      class="tc__modal tc__modal__plain tc__modal__size-small"
    >
      <div
        class="tc__modal-header"
      >
        <div
          style="font-style: normal; font-size: 16px; line-height: 24px; color: rgb(34, 34, 34); font-weight: 700; font-family: 'DM Sans', sans-serif; opacity: 1;"
        />
        <button
          class="tc__btn "
          data-selected="false"
          type="button"
        >
          <svg
            class="tc__icon tc__icon-close"
            fill="none"
            height="16"
            viewBox="0 0 16 16"
            width="16"
            xmlns="http://www.w3.org/2000/svg"
          >
            <path
              d="M15.6081 13.7161C15.859 13.967 16 14.3073 16 14.6621C16 15.017 15.859 15.3572 15.6081 15.6081C15.3572 15.859 15.017 16 14.6621 16C14.3073 16 13.967 15.859 13.7161 15.6081L8 9.87872L2.2839 15.6081C2.033 15.859 1.6927 16 1.33788 16C0.98305 16 0.642756 15.859 0.391855 15.6081C0.140955 15.3572 0 15.017 0 14.6621C0 14.3073 0.140955 13.967 0.391855 13.7161L6.12128 8L0.391855 2.2839C0.140955 2.033 -2.64367e-09 1.6927 0 1.33788C2.64367e-09 0.98305 0.140955 0.642756 0.391855 0.391855C0.642756 0.140955 0.98305 2.64367e-09 1.33788 0C1.6927 -2.64367e-09 2.033 0.140955 2.2839 0.391855L8 6.12128L13.7161 0.391855C13.967 0.140955 14.3073 0 14.6621 0C15.017 0 15.3572 0.140955 15.6081 0.391855C15.859 0.642756 16 0.98305 16 1.33788C16 1.6927 15.859 2.033 15.6081 2.2839L9.87872 8L15.6081 13.7161Z"
              fill="#222222"
            />
          </svg>
        </button>
      </div>
      <div
        class="tc__modal__body"
      >
        This is modal content.
      </div>
    </div>
  </div>
</div>
`;
