// Jest Snapshot v1, https://goo.gl/fbAQLP

exports[`Radio renders a checked radio button with a label 1`] = `
<div
  style="font-style: normal; font-size: 12px; line-height: 16px; color: rgb(34, 34, 34); font-weight: 700; font-family: 'DM Sans', sans-serif; opacity: 1;"
>
  option 1
</div>
`;
